{
  "data_seeds": [
    1100,
    2200,
    3300
  ],
  "train_samples": 32,
  "validation_samples": 16,
  "test_samples": 16,
  "steps_per_run": 160,
  "box_weights": [
    5,
    10
  ],
  "score_threshold": 0.05,
  "display_threshold": 0.25,
  "eval_iou": 0.5,
  "baseline_validation": {
    "ap_per_class": {
      "0": 0.3333333333333333,
      "1": 0.5555555555555556
    },
    "map": 0.4444444444444444,
    "precision": 0.6428571428571429,
    "recall": 0.5294117647058824
  },
  "changed_validation": {
    "ap_per_class": {
      "0": 0.625,
      "1": 0.7777777777777778
    },
    "map": 0.7013888888888888,
    "precision": 0.8,
    "recall": 0.7058823529411765
  },
  "baseline_coverage": {
    "covered_iou50": 9,
    "iou10_to_50": 4,
    "below_iou10": 4
  },
  "changed_coverage": {
    "covered_iou50": 12,
    "iou10_to_50": 2,
    "below_iou10": 3
  },
  "baseline_errors": {
    "score_threshold": 0.05,
    "matching_iou": 0.5,
    "background_iou_below": 0.1,
    "wrong_class_gt_count": 0,
    "wrong_class_gt_cases": [],
    "true_positives": 9,
    "false_positive_counts": {
      "background": 1,
      "localization": 4,
      "wrong_class": 0,
      "duplicate": 0
    },
    "false_positive_cases": [
      {
        "image": 4,
        "prediction": 0,
        "kind": "localization",
        "class": 0,
        "score": 1.0,
        "best_any_iou": 0.4917936623096466,
        "best_same_class_iou": 0.4917936623096466
      },
      {
        "image": 4,
        "prediction": 1,
        "kind": "localization",
        "class": 0,
        "score": 0.9999768733978271,
        "best_any_iou": 0.30342045426368713,
        "best_same_class_iou": 0.30342045426368713
      },
      {
        "image": 5,
        "prediction": 0,
        "kind": "localization",
        "class": 1,
        "score": 0.2380521446466446,
        "best_any_iou": 0.2817327380180359,
        "best_same_class_iou": 0.2817327380180359
      },
      {
        "image": 10,
        "prediction": 1,
        "kind": "background",
        "class": 1,
        "score": 0.0679774135351181,
        "best_any_iou": 0.0,
        "best_same_class_iou": 0.0
      },
      {
        "image": 14,
        "prediction": 0,
        "kind": "localization",
        "class": 0,
        "score": 0.986950695514679,
        "best_any_iou": 0.22750937938690186,
        "best_same_class_iou": 0.22750937938690186
      }
    ]
  },
  "changed_errors": {
    "score_threshold": 0.05,
    "matching_iou": 0.5,
    "background_iou_below": 0.1,
    "wrong_class_gt_count": 0,
    "wrong_class_gt_cases": [],
    "true_positives": 12,
    "false_positive_counts": {
      "background": 1,
      "localization": 2,
      "wrong_class": 0,
      "duplicate": 0
    },
    "false_positive_cases": [
      {
        "image": 4,
        "prediction": 1,
        "kind": "localization",
        "class": 0,
        "score": 0.9965797066688538,
        "best_any_iou": 0.2567991614341736,
        "best_same_class_iou": 0.2567991614341736
      },
      {
        "image": 10,
        "prediction": 1,
        "kind": "background",
        "class": 1,
        "score": 0.0718860924243927,
        "best_any_iou": 0.0,
        "best_same_class_iou": 0.0
      },
      {
        "image": 14,
        "prediction": 0,
        "kind": "localization",
        "class": 0,
        "score": 0.9985275268554688,
        "best_any_iou": 0.4916878342628479,
        "best_same_class_iou": 0.4916878342628479
      }
    ]
  },
  "keep_change": true,
  "chosen_test": {
    "ap_per_class": {
      "0": 0.2571428571428571,
      "1": 0.6333333333333333
    },
    "map": 0.4452380952380952,
    "precision": 0.6363636363636364,
    "recall": 0.5384615384615384
  },
  "parameters": 15511,
  "train_seconds": [
    1.0542192800203338,
    0.8503278009884525
  ],
  "train_timing_scope": "only the training loop of each run, after one untimed 10-step warm-up fit; CPU, 2 threads",
  "chosen_end_to_end_median_ms": 3.7626945122610778,
  "timed_validation_image": 2,
  "timed_image_candidates": 2,
  "timing_scope": "uint8 RGB -> tensor -> model -> decode/NMS at score .05 -> drawing, on the validation image with the most candidates; CPU, batch 1, 2 threads; median of 12 runs after 3 warm-up runs; no file I/O",
  "limits": "single initialization, tiny synthetic rectangles; no real-image or multi-seed evidence"
}
actual validation panel: artifacts/lesson-17/validation.svg
