{
  "frames": 12,
  "source_fps": 20,
  "source_duration_s": 0.6,
  "source_last_timestamp_s": 0.55,
  "gif_frame_duration_ms": 50,
  "source_size_hw": [
    64,
    96
  ],
  "object_visible_per_frame": [
    true,
    true,
    true,
    true,
    true,
    true,
    true,
    true,
    true,
    true,
    true,
    true
  ],
  "model_input_hw": [
    64,
    64
  ],
  "boxes_per_frame": [
    1,
    1,
    0,
    0,
    0,
    0,
    1,
    1,
    0,
    0,
    0,
    0
  ],
  "warmup_frames": 1,
  "median_ms": {
    "preprocess": 0.2766029938356951,
    "model": 0.28868850495200604,
    "postprocess": 0.4275530081940815,
    "drawing": 0.0766434968682006,
    "total": 1.1330540000926703
  },
  "camera_adapter": "provided, not executed",
  "limits": "synthetic lazy producer; no capture/codec/display/network queue latency measured"
}
GIF: artifacts/lesson-18/stream.gif; actual static panel: artifacts/lesson-18/panel.svg
