{
  "onnx": "artifacts/lesson-20/grid.onnx",
  "opset": 17,
  "providers": [
    "CPUExecutionProvider"
  ],
  "input_shape": [
    "batch",
    3,
    64,
    64
  ],
  "batches_checked": [
    1,
    2,
    3
  ],
  "max_abs_raw_errors": [
    1.1920928955078125e-07,
    4.76837158203125e-07,
    4.76837158203125e-07
  ],
  "decoded_boxes_scores_labels_match": true,
  "restored_boxes_per_source": [
    16,
    16,
    16
  ],
  "dynamic_spatial": false,
  "spatial80_rejected": true,
  "median_ms": {
    "torch_raw_batch1": 0.24357798974961042,
    "ort_raw_batch1": 0.11093649663962424,
    "torch_preprocess_to_restored_boxes": 3.0046679894439876,
    "ort_preprocess_to_restored_boxes": 2.65805447997991,
    "paired_torch_minus_ort_preprocess_to_restored_boxes": 0.31366451003123075,
    "ort_raw_batch2": 0.09200299973599613
  },
  "end_to_end_paired_rounds": 40,
  "ort_raw_batch2_images_per_second": 21738.421635588267,
  "versions": {
    "torch": "2.9.1+cpu",
    "onnx": "1.19.1",
    "onnxruntime": "1.23.2"
  },
  "limits": "CPU float32 parity; one training step is not detection-quality evidence; this CPU case does not run TensorRT/GPU; separate L4 evidence is documented"
}
real ONNX export + checker + ORT CPU + restored-box parity completed
